<html>
<body>
<pre>
<h1>µVision Build Log</h1>
<h2>Tool Versions:</h2>
IDE-Version: ¦ÌVision V5.39.0.0
Copyright (C) 2023 ARM Ltd and ARM Germany GmbH. All rights reserved.
License Information: Can 2264248122@qq.com, Ti, LIC=X96CK-ZWMHM-124LE-5JWL8-DTA5C-7B3J5
 
Tool Versions:
Toolchain:       MDK-ARM Plus  Version: 5.39.0.0
Toolchain Path:  D:\MDK\ARM\ARMCLANG\Bin
C Compiler:      ArmClang.exe V6.21
Assembler:       Armasm.exe V6.21
Linker/Locator:  ArmLink.exe V6.21
Library Manager: ArmAr.exe V6.21
Hex Converter:   FromElf.exe V6.21
CPU DLL:         SARMCM3.DLL V5.39.0.0
Dialog DLL:      DCM.DLL V1.17.5.0
Target DLL:      STLink\ST-LINKIII-KEIL_SWO.dll V3.2.0.0
Dialog DLL:      TCM.DLL V1.56.4.0
 
<h2>Project:</h2>
D:\24engineer\Controler_Manager(1)\Robomaster_C\MDK-ARM\INS__4.uvprojx
Project File Date:  05/24/2024

<h2>Output:</h2>
*** Using Compiler 'V6.21', folder: 'D:\MDK\ARM\ARMCLANG\Bin'
Build target 'INS__4'
compiling can.c...
compiling main.c...
compiling stm32f4xx_it.c...
compiling dma.c...
compiling crc.c...
compiling gpio.c...
compiling tim.c...
compiling spi.c...
compiling usart.c...
compiling freertos.c...
compiling stm32f4xx_hal_msp.c...
compiling stm32f4xx_hal_timebase_tim.c...
compiling stm32f4xx_hal_rcc.c...
compiling stm32f4xx_hal_can.c...
compiling stm32f4xx_hal_rcc_ex.c...
compiling stm32f4xx_hal_flash.c...
compiling stm32f4xx_hal_flash_ramfunc.c...
compiling stm32f4xx_hal_flash_ex.c...
compiling stm32f4xx_hal_dma_ex.c...
compiling stm32f4xx_hal_gpio.c...
compiling stm32f4xx_hal_dma.c...
compiling stm32f4xx_hal_pwr_ex.c...
compiling stm32f4xx_hal_pwr.c...
compiling stm32f4xx_hal.c...
compiling stm32f4xx_hal_cortex.c...
compiling stm32f4xx_hal_crc.c...
compiling stm32f4xx_hal_exti.c...
compiling croutine.c...
compiling stm32f4xx_hal_tim_ex.c...
compiling system_stm32f4xx.c...
compiling list.c...
compiling event_groups.c...
compiling stm32f4xx_hal_spi.c...
assembling startup_stm32f407xx.s...
compiling stm32f4xx_hal_tim.c...
compiling stream_buffer.c...
compiling stm32f4xx_hal_uart.c...
compiling queue.c...
compiling heap_4.c...
compiling timers.c...
compiling port.c...
compiling cmsis_os.c...
compiling tasks.c...
compiling BMI088Middleware.c...
compiling BMI088driver.c...
compiling ins_task.c...
compiling transfer_function.c...
compiling bsp_dwt.c...
compiling bsp_PWM.c...
compiling user_lib.c...
compiling RUI_CAN.c...
compiling VOFA.c...
compiling kalman_filter.c...
compiling RUI_ANONYMITY.c...
compiling controller.c...
compiling QuaternionEKF.c...
compiling handle.c...
compiling RUI_ALLUI.c...
compiling Receive.c...
compiling hand_two.c...
linking...
Program Size: Code=44400 RO-data=3512 RW-data=180 ZI-data=46276  
FromELF: creating hex file...
"INS__4\INS__4.axf" - 0 Error(s), 0 Warning(s).

<h2>Software Packages used:</h2>

Package Vendor: ARM
                http://www.keil.com/pack/ARM.CMSIS.5.9.0.pack
                ARM::CMSIS@5.9.0
                CMSIS (Common Microcontroller Software Interface Standard)
   * Component: CORE Version: 5.6.0

Package Vendor: Keil
                http://www.keil.com/pack/Keil.STM32F4xx_DFP.2.15.0.pack
                Keil::STM32F4xx_DFP@2.15.0
                STMicroelectronics STM32F4 Series Device Support, Drivers and Examples

<h2>Collection of Component include folders:</h2>
  ./RTE/_INS__4
  C:/Users/22642/AppData/Local/Arm/Packs/ARM/CMSIS/5.9.0/CMSIS/Core/Include
  C:/Users/22642/AppData/Local/Arm/Packs/Keil/STM32F4xx_DFP/2.15.0/Drivers/CMSIS/Device/ST/STM32F4xx/Include

<h2>Collection of Component Files used:</h2>

   * Component: ARM::CMSIS:CORE@5.6.0
      Include file:  CMSIS/Core/Include/tz_context.h
Build Time Elapsed:  00:00:06
</pre>
</body>
</html>
